// Jest Snapshot v1, https://goo.gl/fbAQLP

exports[`Container Container should render properly 1`] = `
<div>
  <div
    class="container"
  />
</div>
`;
